// Jest Snapshot v1, https://goo.gl/fbAQLP

exports[`Init renders correctly 1`] = `
<div
  class="rcp"
  tabindex="0"
>
  <div
    class="rcp__palette in"
  >
    <canvas />
  </div>
   
  <div
    class="rcp__rotator"
    style="will-change: transform; transform: rotate(0deg);"
  >
    <div
      class="rcp__knob in"
    />
  </div>
   
  <div
    class="rcp__ripple"
    style="border-color: hsla(0, 100%, 50%, 1);"
  />
   
  <button
    class="rcp__well"
    style="background-color: hsl(0, 100%, 50%);"
    type="button"
  />
</div>
`;
